// Jest Snapshot v1, https://goo.gl/fbAQLP

exports[`Body Should render LandingBox when recStatus is off 1`] = `
<section
  className="body"
>
  <Component
    isValidTab={true}
  />
</section>
`;
