// Jest Snapshot v1, https://goo.gl/fbAQLP

exports[`LandingBox Text should display "Click Record to start" when isValidTab is true 1`] = `
<div
  id="landing-box"
>
  <CypressCone />
  <p
    className="text"
  >
    Click 'Record' to start recording!
  </p>
</div>
`;
